D:\Desktop\rt-thread\bsp\stm32\libraries\HAL_Drivers\drv_tim.c:23:6:stm32_tim_pclkx_doubler_get	40	static
D:\Desktop\rt-thread\bsp\stm32\libraries\HAL_Drivers\drv_tim.c:59:6:stm32_tim_enable_clock	64	static
D:\Desktop\rt-thread\bsp\stm32\libraries\HAL_Drivers\drv_tim.c:320:13:timer_init	40	static
D:\Desktop\rt-thread\bsp\stm32\libraries\HAL_Drivers\drv_tim.c:379:17:timer_start	32	static
D:\Desktop\rt-thread\bsp\stm32\libraries\HAL_Drivers\drv_tim.c:413:13:timer_stop	24	static
D:\Desktop\rt-thread\bsp\stm32\libraries\HAL_Drivers\drv_tim.c:428:17:timer_ctrl	48	static
D:\Desktop\rt-thread\bsp\stm32\libraries\HAL_Drivers\drv_tim.c:491:20:timer_counter_get	24	static
D:\Desktop\rt-thread\bsp\stm32\libraries\HAL_Drivers\drv_tim.c:554:6:TIM7_IRQHandler	8	static
D:\Desktop\rt-thread\bsp\stm32\libraries\HAL_Drivers\drv_tim.c:636:6:HAL_TIM_PeriodElapsedCallback	16	static
D:\Desktop\rt-thread\bsp\stm32\libraries\HAL_Drivers\drv_tim.c:706:12:stm32_hwtimer_init	16	static
